
[1/43] childs-pose-rotation  (current: 3/5)
  prompt (956 chars): An athletic young man with short dark hair, lean fit build, wearing a fitted light gray athletic t-shirt, dark navy comp...
  attempt 1: score=3/5
  kept current (3)

[2/43] deadlifts  (current: 3/5)
  prompt (1063 chars): An athletic young man with short dark hair, lean fit build, wearing a fitted light gray athletic t-shirt, dark navy comp...
  attempt 1: score=3/5
  kept current (3)

[3/43] diaphragmatic-breathing-with-band  (current: 3/5)
  prompt (1097 chars): An athletic young man with short dark hair, lean fit build, wearing a fitted light gray athletic t-shirt, dark navy comp...
  attempt 1: score=5/5
  INSTALLED score 5

[4/43] external-rotation-resistance-band  (current: 3/5)
  prompt (1018 chars): An athletic young man with short dark hair, lean fit build, wearing a fitted light gray athletic t-shirt, dark navy comp...
  attempt 1: score=5/5
  INSTALLED score 5

[5/43] forearm-rotation-pronation-supination  (current: 3/5)
  prompt (1005 chars): An athletic young man with short dark hair, lean fit build, wearing a fitted light gray athletic t-shirt, dark navy comp...
  attempt 1: score=1/5
  kept current (3)

[6/43] grip-strengthening-soft-object  (current: 3/5)
  prompt (1120 chars): An athletic young man with short dark hair, lean fit build, wearing a fitted light gray athletic t-shirt, dark navy comp...
  attempt 1: score=4/5
  INSTALLED score 4

[7/43] marching-high-knees  (current: 3/5)
  prompt (965 chars): An athletic young man with short dark hair, lean fit build, wearing a fitted light gray athletic t-shirt, dark navy comp...
  attempt 1: score=5/5
  INSTALLED score 5

[8/43] neck-rotations  (current: 3/5)
  prompt (920 chars): An athletic young man with short dark hair, lean fit build, wearing a fitted light gray athletic t-shirt, dark navy comp...
  attempt 1: score=1/5
  kept current (3)

[9/43] prone-i-y-t-raises-band  (current: 3/5)
  prompt (1128 chars): An athletic young man with short dark hair, lean fit build, wearing a fitted light gray athletic t-shirt, dark navy comp...
  attempt 1: score=5/5
  INSTALLED score 5

[10/43] prone-shoulder-horizontal-abduction  (current: 3/5)
  prompt (1319 chars): An athletic young man with short dark hair, lean fit build, wearing a fitted light gray athletic t-shirt, dark navy comp...
  attempt 1: score=2/5
  kept current (3)

[11/43] sciatic-nerve-glide  (current: 3/5)
  prompt (1402 chars): An athletic young man with short dark hair, lean fit build, wearing a fitted light gray athletic t-shirt, dark navy comp...
  attempt 1: score=4/5
  INSTALLED score 4

[12/43] seated-ankle-inversion-with-band  (current: 3/5)
  prompt (1128 chars): An athletic young man with short dark hair, lean fit build, wearing a fitted light gray athletic t-shirt, dark navy comp...
  attempt 1: score=2/5
  kept current (3)

[13/43] seated-calf-raises  (current: 3/5)
  prompt (1059 chars): An athletic young man with short dark hair, lean fit build, wearing a fitted light gray athletic t-shirt, dark navy comp...
  attempt 1: score=5/5
  INSTALLED score 5

[14/43] seated-figure-four-stretch  (current: 3/5)
  prompt (1000 chars): An athletic young man with short dark hair, lean fit build, wearing a fitted light gray athletic t-shirt, dark navy comp...
  attempt 1: score=5/5
  INSTALLED score 5

[15/43] seated-foot-inversion-resistance  (current: 3/5)
  prompt (1206 chars): An athletic young man with short dark hair, lean fit build, wearing a fitted light gray athletic t-shirt, dark navy comp...
  attempt 1: score=5/5
  INSTALLED score 5

[16/43] seated-upper-back-squeeze  (current: 3/5)
  prompt (1038 chars): An athletic young man with short dark hair, lean fit build, wearing a fitted light gray athletic t-shirt, dark navy comp...
  attempt 1: score=5/5
  INSTALLED score 5

[17/43] short-foot-exercise  (current: 3/5)
  prompt (962 chars): An athletic young man with short dark hair, lean fit build, wearing a fitted light gray athletic t-shirt, dark navy comp...
  attempt 1: score=5/5
  INSTALLED score 5

[18/43] shoulder-blade-squeezes  (current: 3/5)
  prompt (1170 chars): An athletic young man with short dark hair, lean fit build, wearing a fitted light gray athletic t-shirt, dark navy comp...
  attempt 1: score=2/5
  kept current (3)

[19/43] single-leg-deadlift-dumbbell  (current: 3/5)
  prompt (1158 chars): An athletic young man with short dark hair, lean fit build, wearing a fitted light gray athletic t-shirt, dark navy comp...
  attempt 1: score=5/5
  INSTALLED score 5

[20/43] single-leg-stance  (current: 3/5)
  prompt (1014 chars): An athletic young man with short dark hair, lean fit build, wearing a fitted light gray athletic t-shirt, dark navy comp...
  attempt 1: score=5/5
  INSTALLED score 5

[21/43] standing-balance  (current: 3/5)
  prompt (1083 chars): An athletic young man with short dark hair, lean fit build, wearing a fitted light gray athletic t-shirt, dark navy comp...
  attempt 1: score=5/5
  INSTALLED score 5

[22/43] standing-calf-raises  (current: 3/5)
  prompt (1161 chars): An athletic young man with short dark hair, lean fit build, wearing a fitted light gray athletic t-shirt, dark navy comp...
  attempt 1: score=5/5
  INSTALLED score 5

[23/43] standing-doorway-chest-stretch  (current: 3/5)
  prompt (1111 chars): An athletic young man with short dark hair, lean fit build, wearing a fitted light gray athletic t-shirt, dark navy comp...
  attempt 1: score=5/5
  INSTALLED score 5

[24/43] standing-lateral-band-walk  (current: 3/5)
  prompt (1276 chars): An athletic young man with short dark hair, lean fit build, wearing a fitted light gray athletic t-shirt, dark navy comp...
  attempt 1: score=5/5
  INSTALLED score 5

[25/43] standing-row-with-band  (current: 3/5)
  prompt (1154 chars): An athletic young man with short dark hair, lean fit build, wearing a fitted light gray athletic t-shirt, dark navy comp...
  attempt 1: score=3/5
  kept current (3)

[26/43] standing-single-leg-balance  (current: 3/5)
  prompt (1055 chars): An athletic young man with short dark hair, lean fit build, wearing a fitted light gray athletic t-shirt, dark navy comp...
  attempt 1: score=2/5
  kept current (3)

[27/43] step-ups-low  (current: 3/5)
  prompt (961 chars): An athletic young man with short dark hair, lean fit build, wearing a fitted light gray athletic t-shirt, dark navy comp...
  attempt 1: score=3/5
  kept current (3)

[28/43] step-ups-with-dumbbells  (current: 3/5)
  prompt (1141 chars): An athletic young man with short dark hair, lean fit build, wearing a fitted light gray athletic t-shirt, dark navy comp...
  attempt 1: score=5/5
  INSTALLED score 5

[29/43] supine-achilles-stretch  (current: 3/5)
  prompt (1321 chars): An athletic young man with short dark hair, lean fit build, wearing a fitted light gray athletic t-shirt, dark navy comp...
  attempt 1: score=5/5
  INSTALLED score 5

[30/43] supine-chest-stretch  (current: 3/5)
  prompt (1015 chars): An athletic young man with short dark hair, lean fit build, wearing a fitted light gray athletic t-shirt, dark navy comp...
  attempt 1: score=2/5
  kept current (3)

[31/43] supine-figure-4-stretch-with-pelvic-mobilization  (current: 3/5)
  prompt (1253 chars): An athletic young man with short dark hair, lean fit build, wearing a fitted light gray athletic t-shirt, dark navy comp...
  attempt 1: score=5/5
  INSTALLED score 5

[32/43] supine-hamstring-curls  (current: 3/5)
  prompt (950 chars): An athletic young man with short dark hair, lean fit build, wearing a fitted light gray athletic t-shirt, dark navy comp...
  attempt 1: score=5/5
  INSTALLED score 5

[33/43] supine-isometric-shoulder-hold  (current: 3/5)
  prompt (910 chars): An athletic young man with short dark hair, lean fit build, wearing a fitted light gray athletic t-shirt, dark navy comp...
  attempt 1: score=3/5
  kept current (3)

[34/43] supine-shoulder-external-rotation  (current: 3/5)
  prompt (1205 chars): An athletic young man with short dark hair, lean fit build, wearing a fitted light gray athletic t-shirt, dark navy comp...
  attempt 1: score=1/5
  kept current (3)

[35/43] supine-shoulder-flexion-dumbbell  (current: 3/5)
  prompt (951 chars): An athletic young man with short dark hair, lean fit build, wearing a fitted light gray athletic t-shirt, dark navy comp...
  attempt 1: score=5/5
  INSTALLED score 5

[36/43] supine-shoulder-flexion-pulley  (current: 3/5)
  prompt (1272 chars): An athletic young man with short dark hair, lean fit build, wearing a fitted light gray athletic t-shirt, dark navy comp...
  attempt 1: score=2/5
  kept current (3)

[37/43] supine-spinal-twist  (current: 3/5)
  prompt (1027 chars): An athletic young man with short dark hair, lean fit build, wearing a fitted light gray athletic t-shirt, dark navy comp...
  attempt 1: score=5/5
  INSTALLED score 5

[38/43] tandem-standing  (current: 3/5)
  prompt (1084 chars): An athletic young man with short dark hair, lean fit build, wearing a fitted light gray athletic t-shirt, dark navy comp...
  attempt 1: score=5/5
  INSTALLED score 5

[39/43] toe-curls-resistance  (current: 3/5)
  prompt (1065 chars): An athletic young man with short dark hair, lean fit build, wearing a fitted light gray athletic t-shirt, dark navy comp...
  attempt 1: score=5/5
  INSTALLED score 5

[40/43] upper-extremity-pendulum-swings  (current: 3/5)
  prompt (1346 chars): An athletic young man with short dark hair, lean fit build, wearing a fitted light gray athletic t-shirt, dark navy comp...
  attempt 1: score=5/5
  INSTALLED score 5

[41/43] weighted-step-ups  (current: 3/5)
  prompt (1105 chars): An athletic young man with short dark hair, lean fit build, wearing a fitted light gray athletic t-shirt, dark navy comp...
  attempt 1: score=4/5
  INSTALLED score 4

[42/43] worlds-greatest-stretch  (current: 3/5)
  prompt (1169 chars): An athletic young man with short dark hair, lean fit build, wearing a fitted light gray athletic t-shirt, dark navy comp...
  attempt 1: score=5/5
  INSTALLED score 5

[43/43] wrist-radial-ulnar-deviation  (current: 3/5)
  prompt (1216 chars): An athletic young man with short dark hair, lean fit build, wearing a fitted light gray athletic t-shirt, dark navy comp...
  attempt 1: score=2/5
  kept current (3)

========================================================================
AUTO-PROMPT REGEN SUMMARY
========================================================================
  Attempted: 43   Improved: 28   Unchanged: 15

Exercise                                      old  new       status
childs-pose-rotation                            3 ==   3          kept
deadlifts                                       3 ==   3          kept
diaphragmatic-breathing-with-band               3 ->   5     installed
external-rotation-resistance-band               3 ->   5     installed
forearm-rotation-pronation-supination           3 ==   3          kept
grip-strengthening-soft-object                  3 ->   4     installed
marching-high-knees                             3 ->   5     installed
neck-rotations                                  3 ==   3          kept
prone-i-y-t-raises-band                         3 ->   5     installed
prone-shoulder-horizontal-abduction             3 ==   3          kept
sciatic-nerve-glide                             3 ->   4     installed
seated-ankle-inversion-with-band                3 ==   3          kept
seated-calf-raises                              3 ->   5     installed
seated-figure-four-stretch                      3 ->   5     installed
seated-foot-inversion-resistance                3 ->   5     installed
seated-upper-back-squeeze                       3 ->   5     installed
short-foot-exercise                             3 ->   5     installed
shoulder-blade-squeezes                         3 ==   3          kept
single-leg-deadlift-dumbbell                    3 ->   5     installed
single-leg-stance                               3 ->   5     installed
standing-balance                                3 ->   5     installed
standing-calf-raises                            3 ->   5     installed
standing-doorway-chest-stretch                  3 ->   5     installed
standing-lateral-band-walk                      3 ->   5     installed
standing-row-with-band                          3 ==   3          kept
standing-single-leg-balance                     3 ==   3          kept
step-ups-low                                    3 ==   3          kept
step-ups-with-dumbbells                         3 ->   5     installed
supine-achilles-stretch                         3 ->   5     installed
supine-chest-stretch                            3 ==   3          kept
supine-figure-4-stretch-with-pelvic-mobilization    3 ->   5     installed
supine-hamstring-curls                          3 ->   5     installed
supine-isometric-shoulder-hold                  3 ==   3          kept
supine-shoulder-external-rotation               3 ==   3          kept
supine-shoulder-flexion-dumbbell                3 ->   5     installed
supine-shoulder-flexion-pulley                  3 ==   3          kept
supine-spinal-twist                             3 ->   5     installed
tandem-standing                                 3 ->   5     installed
toe-curls-resistance                            3 ->   5     installed
upper-extremity-pendulum-swings                 3 ->   5     installed
weighted-step-ups                               3 ->   4     installed
worlds-greatest-stretch                         3 ->   5     installed
wrist-radial-ulnar-deviation                    3 ==   3          kept
