
[1/4] forearm-rotation-pronation-supination  (current: 3/5)
  prompt (955 chars): An athletic young man with short dark hair, lean fit build, wearing a fitted light gray athletic t-shirt, dark navy comp...
  attempt 1: score=3/5
  attempt 2: score=2/5
  kept current (3)

[2/4] neck-rotations  (current: 3/5)
  prompt (1051 chars): An athletic young man with short dark hair, lean fit build, wearing a fitted light gray athletic t-shirt, dark navy comp...
  attempt 1: score=5/5
  attempt 2: score=5/5
  INSTALLED score 5

[3/4] prone-shoulder-horizontal-abduction  (current: 3/5)
  prompt (1256 chars): An athletic young man with short dark hair, lean fit build, wearing a fitted light gray athletic t-shirt, dark navy comp...
  attempt 1: score=2/5
  attempt 2: score=2/5
  kept current (3)

[4/4] standing-row-with-band  (current: 3/5)
  prompt (1152 chars): An athletic young man with short dark hair, lean fit build, wearing a fitted light gray athletic t-shirt, dark navy comp...
  attempt 1: score=5/5
  attempt 2: score=5/5
  INSTALLED score 5

========================================================================
AUTO-PROMPT REGEN SUMMARY
========================================================================
  Attempted: 4   Improved: 2   Unchanged: 2

Exercise                                      old  new       status
forearm-rotation-pronation-supination           3 ==   3          kept
neck-rotations                                  3 ->   5     installed
prone-shoulder-horizontal-abduction             3 ==   3          kept
standing-row-with-band                          3 ->   5     installed
