
[1/24] banded-chest-press  (current: 1/5)
  prompt (1252 chars): An athletic young man with short dark hair, lean fit build, wearing a fitted light gray athletic t-shirt, dark navy comp...
  attempt 1: score=5/5
  attempt 2: score=5/5
  INSTALLED score 5

[2/24] banded-woodchop  (current: 2/5)
  prompt (1219 chars): An athletic young man with short dark hair, lean fit build, wearing a fitted light gray athletic t-shirt, dark navy comp...
  attempt 1: score=4/5
  attempt 2: score=2/5
  INSTALLED score 4

[3/24] dead-bug-with-dumbbell  (current: 2/5)
  prompt (1130 chars): An athletic young man with short dark hair, lean fit build, wearing a fitted light gray athletic t-shirt, dark navy comp...
  attempt 1: score=5/5
  attempt 2: score=2/5
  INSTALLED score 5

[4/24] dumbbell-romanian-deadlift  (current: 2/5)
  prompt (848 chars): An athletic young man with short dark hair, lean fit build, wearing a fitted light gray athletic t-shirt, dark navy comp...
  attempt 1: score=3/5
  attempt 2: score=4/5
  INSTALLED score 4

[5/24] dumbbell-row  (current: 2/5)
  prompt (1162 chars): An athletic young man with short dark hair, lean fit build, wearing a fitted light gray athletic t-shirt, dark navy comp...
  attempt 1: score=5/5
  attempt 2: score=5/5
  INSTALLED score 5

[6/24] finger-flexion-extension  (current: 2/5)
  prompt (1234 chars): An athletic young man with short dark hair, lean fit build, wearing a fitted light gray athletic t-shirt, dark navy comp...
  attempt 1: score=2/5
  attempt 2: score=5/5
  INSTALLED score 5

[7/24] gentle-spinal-twist  (current: 1/5)
  prompt (1411 chars): An athletic young man with short dark hair, lean fit build, wearing a fitted light gray athletic t-shirt, dark navy comp...
  attempt 1: score=3/5
  attempt 2: score=5/5
  INSTALLED score 5

[8/24] passive-finger-range-motion  (current: 2/5)
  prompt (1156 chars): An athletic young man with short dark hair, lean fit build, wearing a fitted light gray athletic t-shirt, dark navy comp...
  attempt 1: score=5/5
  attempt 2: score=2/5
  INSTALLED score 5

[9/24] prone-hip-internal-rotation-stretch  (current: 1/5)
  prompt (1439 chars): An athletic young man with short dark hair, lean fit build, wearing a fitted light gray athletic t-shirt, dark navy comp...
  attempt 1: score=2/5
  attempt 2: score=5/5
  INSTALLED score 5

[10/24] prone-shoulder-external-rotation  (current: 2/5)
  prompt (1263 chars): An athletic young man with short dark hair, lean fit build, wearing a fitted light gray athletic t-shirt, dark navy comp...
  attempt 1: score=4/5
  attempt 2: score=1/5
  INSTALLED score 4

[11/24] prone-shoulder-horizontal-abduction  (current: 2/5)
  prompt (1357 chars): An athletic young man with short dark hair, lean fit build, wearing a fitted light gray athletic t-shirt, dark navy comp...
  attempt 1: score=2/5
  attempt 2: score=2/5
  kept current (2)

[12/24] resistance-band-chest-press  (current: 2/5)
  prompt (1124 chars): An athletic young man with short dark hair, lean fit build, wearing a fitted light gray athletic t-shirt, dark navy comp...
  attempt 1: score=5/5
  attempt 2: score=5/5
  INSTALLED score 5

[13/24] reverse-pec-deck-flyes  (current: 2/5)
  prompt (1119 chars): An athletic young man with short dark hair, lean fit build, wearing a fitted light gray athletic t-shirt, dark navy comp...
  attempt 1: score=5/5
  attempt 2: score=5/5
  INSTALLED score 5

[14/24] seated-forward-fold-stretch  (current: 2/5)
  prompt (1089 chars): An athletic young man with short dark hair, lean fit build, wearing a fitted light gray athletic t-shirt, dark navy comp...
  attempt 1: score=3/5
  attempt 2: score=5/5
  INSTALLED score 5

[15/24] seated-rows  (current: 2/5)
  prompt (1086 chars): An athletic young man with short dark hair, lean fit build, wearing a fitted light gray athletic t-shirt, dark navy comp...
  attempt 1: score=5/5
  attempt 2: score=4/5
  INSTALLED score 5

[16/24] shoulder-crossover-stretch  (current: 1/5)
  prompt (1171 chars): An athletic young man with short dark hair, lean fit build, wearing a fitted light gray athletic t-shirt, dark navy comp...
  attempt 1: score=5/5
  attempt 2: score=5/5
  INSTALLED score 5

[17/24] shoulder-pendulum-swings  (current: 2/5)
  prompt (1120 chars): An athletic young man with short dark hair, lean fit build, wearing a fitted light gray athletic t-shirt, dark navy comp...
  attempt 1: score=5/5
  attempt 2: score=2/5
  INSTALLED score 5

[18/24] single-leg-deadlifts-with-dumbbells  (current: 1/5)
  prompt (1175 chars): An athletic young man with short dark hair, lean fit build, wearing a fitted light gray athletic t-shirt, dark navy comp...
  attempt 1: score=5/5
  attempt 2: score=5/5
  INSTALLED score 5

[19/24] standing-balance-one-leg  (current: 1/5)
  prompt (1211 chars): An athletic young man with short dark hair, lean fit build, wearing a fitted light gray athletic t-shirt, dark navy comp...
  attempt 1: score=5/5
  attempt 2: score=1/5
  INSTALLED score 5

[20/24] supine-chest-stretch  (current: 1/5)
  prompt (1200 chars): An athletic young man with short dark hair, lean fit build, wearing a fitted light gray athletic t-shirt, dark navy comp...
  attempt 1: score=3/5
  attempt 2: score=3/5
  INSTALLED score 3

[21/24] tandem-stance  (current: 2/5)
  prompt (1042 chars): An athletic young man with short dark hair, lean fit build, wearing a fitted light gray athletic t-shirt, dark navy comp...
  attempt 1: score=5/5
  attempt 2: score=1/5
  INSTALLED score 5

[22/24] tandem-stance-hold  (current: 2/5)
  prompt (1087 chars): An athletic young man with short dark hair, lean fit build, wearing a fitted light gray athletic t-shirt, dark navy comp...
  attempt 1: score=5/5
  attempt 2: score=3/5
  INSTALLED score 5

[23/24] tandem-walking  (current: 2/5)
  prompt (1019 chars): An athletic young man with short dark hair, lean fit build, wearing a fitted light gray athletic t-shirt, dark navy comp...
  attempt 1: score=1/5
  attempt 2: score=5/5
  INSTALLED score 5

[24/24] wrist-pronation-supination-dumbbell  (current: 2/5)
  prompt (1088 chars): An athletic young man with short dark hair, lean fit build, wearing a fitted light gray athletic t-shirt, dark navy comp...
  attempt 1: score=5/5
  attempt 2: score=2/5
  INSTALLED score 5

========================================================================
AUTO-PROMPT REGEN SUMMARY
========================================================================
  Attempted: 24   Improved: 23   Unchanged: 1

Exercise                                      old  new       status
banded-chest-press                              1 ->   5     installed
banded-woodchop                                 2 ->   4     installed
dead-bug-with-dumbbell                          2 ->   5     installed
dumbbell-romanian-deadlift                      2 ->   4     installed
dumbbell-row                                    2 ->   5     installed
finger-flexion-extension                        2 ->   5     installed
gentle-spinal-twist                             1 ->   5     installed
passive-finger-range-motion                     2 ->   5     installed
prone-hip-internal-rotation-stretch             1 ->   5     installed
prone-shoulder-external-rotation                2 ->   4     installed
prone-shoulder-horizontal-abduction             2 ==   2          kept
resistance-band-chest-press                     2 ->   5     installed
reverse-pec-deck-flyes                          2 ->   5     installed
seated-forward-fold-stretch                     2 ->   5     installed
seated-rows                                     2 ->   5     installed
shoulder-crossover-stretch                      1 ->   5     installed
shoulder-pendulum-swings                        2 ->   5     installed
single-leg-deadlifts-with-dumbbells             1 ->   5     installed
standing-balance-one-leg                        1 ->   5     installed
supine-chest-stretch                            1 ->   3     installed
tandem-stance                                   2 ->   5     installed
tandem-stance-hold                              2 ->   5     installed
tandem-walking                                  2 ->   5     installed
wrist-pronation-supination-dumbbell             2 ->   5     installed
