
[1/81] band-assisted-chest-opening  (current: 4/5)
  prompt (1065 chars): An athletic young man with short dark hair, lean fit build, wearing a fitted light gray athletic t-shirt, dark navy comp...
  attempt 1: score=5/5
  INSTALLED score 5

[2/81] banded-squats  (current: 4/5)
  prompt (883 chars): An athletic young man with short dark hair, lean fit build, wearing a fitted light gray athletic t-shirt, dark navy comp...
  attempt 1: score=5/5
  INSTALLED score 5

[3/81] banded-woodchop  (current: 4/5)
  prompt (1071 chars): An athletic young man with short dark hair, lean fit build, wearing a fitted light gray athletic t-shirt, dark navy comp...
  attempt 1: score=2/5
  kept current (4)

[4/81] calf-raises  (current: 4/5)
  prompt (1028 chars): An athletic young man with short dark hair, lean fit build, wearing a fitted light gray athletic t-shirt, dark navy comp...
  attempt 1: score=5/5
  INSTALLED score 5

[5/81] cervical-retraction-resistance  (current: 4/5)
  prompt (1046 chars): An athletic young man with short dark hair, lean fit build, wearing a fitted light gray athletic t-shirt, dark navy comp...
  attempt 1: score=3/5
  kept current (4)

[6/81] doorway-shoulder-stretch  (current: 4/5)
  prompt (1313 chars): An athletic young man with short dark hair, lean fit build, wearing a fitted light gray athletic t-shirt, dark navy comp...
  attempt 1: score=5/5
  INSTALLED score 5

[7/81] dumbbell-romanian-deadlift  (current: 4/5)
  prompt (1077 chars): An athletic young man with short dark hair, lean fit build, wearing a fitted light gray athletic t-shirt, dark navy comp...
  attempt 1: score=5/5
  INSTALLED score 5

[8/81] elbow-pendulum-swing  (current: 4/5)
  prompt (1445 chars): An athletic young man with short dark hair, lean fit build, wearing a fitted light gray athletic t-shirt, dark navy comp...
  attempt 1: score=4/5
  kept current (4)

[9/81] figure-four-stretch-band  (current: 4/5)
  prompt (1050 chars): An athletic young man with short dark hair, lean fit build, wearing a fitted light gray athletic t-shirt, dark navy comp...
  attempt 1: score=5/5
  INSTALLED score 5

[10/81] gait-training-walking  (current: 4/5)
  prompt (1095 chars): An athletic young man with short dark hair, lean fit build, wearing a fitted light gray athletic t-shirt, dark navy comp...
  attempt 1: score=5/5
  INSTALLED score 5

[11/81] gentle-finger-stretching  (current: 4/5)
  prompt (1339 chars): An athletic young man with short dark hair, lean fit build, wearing a fitted light gray athletic t-shirt, dark navy comp...
  attempt 1: score=1/5
  kept current (4)

[12/81] gentle-neck-stretches  (current: 4/5)
  prompt (1084 chars): An athletic young man with short dark hair, lean fit build, wearing a fitted light gray athletic t-shirt, dark navy comp...
  attempt 1: score=5/5
  INSTALLED score 5

[13/81] grip-strengthening-soft-object  (current: 4/5)
  prompt (1207 chars): An athletic young man with short dark hair, lean fit build, wearing a fitted light gray athletic t-shirt, dark navy comp...
  attempt 1: score=5/5
  INSTALLED score 5

[14/81] hamstring-stretching  (current: 4/5)
  prompt (1146 chars): An athletic young man with short dark hair, lean fit build, wearing a fitted light gray athletic t-shirt, dark navy comp...
  attempt 1: score=5/5
  INSTALLED score 5

[15/81] heel-toe-raises  (current: 4/5)
  prompt (1126 chars): An athletic young man with short dark hair, lean fit build, wearing a fitted light gray athletic t-shirt, dark navy comp...
  attempt 1: score=5/5
  INSTALLED score 5

[16/81] hip-abduction  (current: 4/5)
  prompt (1118 chars): An athletic young man with short dark hair, lean fit build, wearing a fitted light gray athletic t-shirt, dark navy comp...
  attempt 1: score=4/5
  kept current (4)

[17/81] hip-abduction-band  (current: 4/5)
  prompt (1050 chars): An athletic young man with short dark hair, lean fit build, wearing a fitted light gray athletic t-shirt, dark navy comp...
  attempt 1: score=5/5
  INSTALLED score 5

[18/81] hip-hinge  (current: 4/5)
  prompt (1290 chars): An athletic young man with short dark hair, lean fit build, wearing a fitted light gray athletic t-shirt, dark navy comp...
  attempt 1: score=5/5
  INSTALLED score 5

[19/81] lumbar-rotation-stretch  (current: 4/5)
  prompt (1160 chars): An athletic young man with short dark hair, lean fit build, wearing a fitted light gray athletic t-shirt, dark navy comp...
  attempt 1: score=4/5
  kept current (4)

[20/81] marble-pickup  (current: 4/5)
  prompt (1083 chars): An athletic young man with short dark hair, lean fit build, wearing a fitted light gray athletic t-shirt, dark navy comp...
  attempt 1: score=5/5
  INSTALLED score 5

[21/81] marching-in-place  (current: 4/5)
  prompt (938 chars): An athletic young man with short dark hair, lean fit build, wearing a fitted light gray athletic t-shirt, dark navy comp...
  attempt 1: score=5/5
  INSTALLED score 5

[22/81] median-nerve-gliding  (current: 4/5)
  prompt (965 chars): An athletic young man with short dark hair, lean fit build, wearing a fitted light gray athletic t-shirt, dark navy comp...
  attempt 1: score=5/5
  INSTALLED score 5

[23/81] neck-flexor-release  (current: 4/5)
  prompt (996 chars): An athletic young man with short dark hair, lean fit build, wearing a fitted light gray athletic t-shirt, dark navy comp...
  attempt 1: score=5/5
  INSTALLED score 5

[24/81] open-book-stretch  (current: 4/5)
  prompt (1316 chars): An athletic young man with short dark hair, lean fit build, wearing a fitted light gray athletic t-shirt, dark navy comp...
  attempt 1: score=4/5
  kept current (4)

[25/81] pronation-supination-band  (current: 4/5)
  prompt (943 chars): An athletic young man with short dark hair, lean fit build, wearing a fitted light gray athletic t-shirt, dark navy comp...
  attempt 1: score=5/5
  INSTALLED score 5

[26/81] pronation-supination-strengthening  (current: 4/5)
  prompt (1080 chars): An athletic young man with short dark hair, lean fit build, wearing a fitted light gray athletic t-shirt, dark navy comp...
  attempt 1: score=2/5
  kept current (4)

[27/81] prone-shoulder-external-rotation  (current: 4/5)
  prompt (1037 chars): An athletic young man with short dark hair, lean fit build, wearing a fitted light gray athletic t-shirt, dark navy comp...
  attempt 1: score=5/5
  INSTALLED score 5

[28/81] prone-shoulder-flexion  (current: 4/5)
  prompt (1278 chars): An athletic young man with short dark hair, lean fit build, wearing a fitted light gray athletic t-shirt, dark navy comp...
  attempt 1: score=5/5
  INSTALLED score 5

[29/81] prone-t-y-i-holds  (current: 4/5)
  prompt (1107 chars): An athletic young man with short dark hair, lean fit build, wearing a fitted light gray athletic t-shirt, dark navy comp...
  attempt 1: score=4/5
  kept current (4)

[30/81] prone-thoracic-extension  (current: 4/5)
  prompt (973 chars): An athletic young man with short dark hair, lean fit build, wearing a fitted light gray athletic t-shirt, dark navy comp...
  attempt 1: score=4/5
  kept current (4)

[31/81] quadruped-hip-circles-band  (current: 4/5)
  prompt (1180 chars): An athletic young man with short dark hair, lean fit build, wearing a fitted light gray athletic t-shirt, dark navy comp...
  attempt 1: score=5/5
  INSTALLED score 5

[32/81] quadruped-pelvic-tilts  (current: 4/5)
  prompt (1141 chars): An athletic young man with short dark hair, lean fit build, wearing a fitted light gray athletic t-shirt, dark navy comp...
  attempt 1: score=4/5
  kept current (4)

[33/81] quadruped-rocking  (current: 4/5)
  prompt (1169 chars): An athletic young man with short dark hair, lean fit build, wearing a fitted light gray athletic t-shirt, dark navy comp...
  attempt 1: score=5/5
  INSTALLED score 5

[34/81] resistance-band-hip-abduction  (current: 4/5)
  prompt (829 chars): An athletic young man with short dark hair, lean fit build, wearing a fitted light gray athletic t-shirt, dark navy comp...
  attempt 1: score=5/5
  INSTALLED score 5

[35/81] resistance-band-plantarflexion  (current: 4/5)
  prompt (1150 chars): An athletic young man with short dark hair, lean fit build, wearing a fitted light gray athletic t-shirt, dark navy comp...
  attempt 1: score=5/5
  INSTALLED score 5

[36/81] resistance-band-pull-apart  (current: 4/5)
  prompt (951 chars): An athletic young man with short dark hair, lean fit build, wearing a fitted light gray athletic t-shirt, dark navy comp...
  attempt 1: score=4/5
  kept current (4)

[37/81] reverse-wrist-curl-dumbbell  (current: 4/5)
  prompt (1305 chars): An athletic young man with short dark hair, lean fit build, wearing a fitted light gray athletic t-shirt, dark navy comp...
  attempt 1: score=5/5
  INSTALLED score 5

[38/81] scapular-retraction-squeeze  (current: 4/5)
  prompt (1054 chars): An athletic young man with short dark hair, lean fit build, wearing a fitted light gray athletic t-shirt, dark navy comp...
  attempt 1: score=5/5
  INSTALLED score 5

[39/81] sciatic-nerve-glide  (current: 4/5)
  prompt (1349 chars): An athletic young man with short dark hair, lean fit build, wearing a fitted light gray athletic t-shirt, dark navy comp...
  attempt 1: score=5/5
  INSTALLED score 5

[40/81] seated-ankle-plantarflexion-band  (current: 4/5)
  prompt (1206 chars): An athletic young man with short dark hair, lean fit build, wearing a fitted light gray athletic t-shirt, dark navy comp...
  attempt 1: score=4/5
  kept current (4)

[41/81] seated-ankle-pumps  (current: 4/5)
  prompt (1233 chars): An athletic young man with short dark hair, lean fit build, wearing a fitted light gray athletic t-shirt, dark navy comp...
  attempt 1: score=5/5
  INSTALLED score 5

[42/81] seated-gastrocnemius-stretch  (current: 4/5)
  prompt (1115 chars): An athletic young man with short dark hair, lean fit build, wearing a fitted light gray athletic t-shirt, dark navy comp...
  attempt 1: score=1/5
  kept current (4)

[43/81] seated-marching  (current: 4/5)
  prompt (1054 chars): An athletic young man with short dark hair, lean fit build, wearing a fitted light gray athletic t-shirt, dark navy comp...
  attempt 1: score=5/5
  INSTALLED score 5

[44/81] seated-shoulder-press  (current: 4/5)
  prompt (908 chars): An athletic young man with short dark hair, lean fit build, wearing a fitted light gray athletic t-shirt, dark navy comp...
  attempt 1: score=5/5
  INSTALLED score 5

[45/81] seated-toe-taps  (current: 4/5)
  prompt (1090 chars): An athletic young man with short dark hair, lean fit build, wearing a fitted light gray athletic t-shirt, dark navy comp...
  attempt 1: score=4/5
  kept current (4)

[46/81] shoulder-flexion  (current: 4/5)
  prompt (976 chars): An athletic young man with short dark hair, lean fit build, wearing a fitted light gray athletic t-shirt, dark navy comp...
  attempt 1: score=5/5
  INSTALLED score 5

[47/81] side-lying-clamshell-band  (current: 4/5)
  prompt (1116 chars): An athletic young man with short dark hair, lean fit build, wearing a fitted light gray athletic t-shirt, dark navy comp...
  attempt 1: score=5/5
  INSTALLED score 5

[48/81] side-lying-hip-abduction  (current: 4/5)
  prompt (1173 chars): An athletic young man with short dark hair, lean fit build, wearing a fitted light gray athletic t-shirt, dark navy comp...
  attempt 1: score=3/5
  kept current (4)

[49/81] single-leg-balance-with-hip-activation  (current: 4/5)
  prompt (1263 chars): An athletic young man with short dark hair, lean fit build, wearing a fitted light gray athletic t-shirt, dark navy comp...
  attempt 1: score=5/5
  INSTALLED score 5

[50/81] sit-to-stand  (current: 4/5)
  prompt (1006 chars): An athletic young man with short dark hair, lean fit build, wearing a fitted light gray athletic t-shirt, dark navy comp...
  attempt 1: score=5/5
  INSTALLED score 5

[51/81] standing-adductor-stretch-against-wall  (current: 4/5)
  prompt (1223 chars): An athletic young man with short dark hair, lean fit build, wearing a fitted light gray athletic t-shirt, dark navy comp...
  attempt 1: score=5/5
  INSTALLED score 5

[52/81] standing-ankle-eversion-with-band  (current: 4/5)
  prompt (1019 chars): An athletic young man with short dark hair, lean fit build, wearing a fitted light gray athletic t-shirt, dark navy comp...
  attempt 1: score=5/5
  INSTALLED score 5

[53/81] standing-chest-fly-with-band  (current: 4/5)
  prompt (1090 chars): An athletic young man with short dark hair, lean fit build, wearing a fitted light gray athletic t-shirt, dark navy comp...
  attempt 1: score=2/5
  kept current (4)

[54/81] standing-heel-raises  (current: 4/5)
  prompt (854 chars): An athletic young man with short dark hair, lean fit build, wearing a fitted light gray athletic t-shirt, dark navy comp...
  attempt 1: score=5/5
  INSTALLED score 5

[55/81] standing-hip-abductions  (current: 4/5)
  prompt (1314 chars): An athletic young man with short dark hair, lean fit build, wearing a fitted light gray athletic t-shirt, dark navy comp...
  attempt 1: score=4/5
  kept current (4)

[56/81] standing-hip-adduction-dumbbell  (current: 4/5)
  prompt (1134 chars): An athletic young man with short dark hair, lean fit build, wearing a fitted light gray athletic t-shirt, dark navy comp...
  attempt 1: score=5/5
  INSTALLED score 5

[57/81] standing-quad-sets  (current: 4/5)
  prompt (1308 chars): An athletic young man with short dark hair, lean fit build, wearing a fitted light gray athletic t-shirt, dark navy comp...
  attempt 1: score=1/5
  kept current (4)

[58/81] standing-quad-sets-against-wall  (current: 4/5)
  prompt (1012 chars): An athletic young man with short dark hair, lean fit build, wearing a fitted light gray athletic t-shirt, dark navy comp...
  attempt 1: score=4/5
  kept current (4)

[59/81] standing-rotation-band  (current: 4/5)
  prompt (1318 chars): An athletic young man with short dark hair, lean fit build, wearing a fitted light gray athletic t-shirt, dark navy comp...
  attempt 1: score=5/5
  INSTALLED score 5

[60/81] standing-single-leg-balance-with-hip-stability  (current: 4/5)
  prompt (1169 chars): An athletic young man with short dark hair, lean fit build, wearing a fitted light gray athletic t-shirt, dark navy comp...
  attempt 1: score=5/5
  INSTALLED score 5

[61/81] step-up-dumbbell  (current: 4/5)
  prompt (1130 chars): An athletic young man with short dark hair, lean fit build, wearing a fitted light gray athletic t-shirt, dark navy comp...
  attempt 1: score=4/5
  kept current (4)

[62/81] supine-ankle-dorsiflexion-band  (current: 4/5)
  prompt (1059 chars): An athletic young man with short dark hair, lean fit build, wearing a fitted light gray athletic t-shirt, dark navy comp...
  attempt 1: score=5/5
  INSTALLED score 5

[63/81] supine-dumbbell-chest-press  (current: 4/5)
  prompt (891 chars): An athletic young man with short dark hair, lean fit build, wearing a fitted light gray athletic t-shirt, dark navy comp...
  attempt 1: score=5/5
  INSTALLED score 5

[64/81] supine-elbow-extension-dumbbell  (current: 4/5)
  prompt (1338 chars): An athletic young man with short dark hair, lean fit build, wearing a fitted light gray athletic t-shirt, dark navy comp...
  attempt 1: score=5/5
  INSTALLED score 5

[65/81] supine-hip-rotation-band  (current: 4/5)
  prompt (1262 chars): An athletic young man with short dark hair, lean fit build, wearing a fitted light gray athletic t-shirt, dark navy comp...
  attempt 1: score=5/5
  INSTALLED score 5

[66/81] supine-piriformis-stretch  (current: 4/5)
  prompt (1113 chars): An athletic young man with short dark hair, lean fit build, wearing a fitted light gray athletic t-shirt, dark navy comp...
  attempt 1: score=3/5
  kept current (4)

[67/81] supine-shoulder-rotation  (current: 4/5)
  prompt (1157 chars): An athletic young man with short dark hair, lean fit build, wearing a fitted light gray athletic t-shirt, dark navy comp...
  attempt 1: score=5/5
  INSTALLED score 5

[68/81] supine-spinal-twist-stretch  (current: 4/5)
  prompt (1053 chars): An athletic young man with short dark hair, lean fit build, wearing a fitted light gray athletic t-shirt, dark navy comp...
  attempt 1: score=5/5
  INSTALLED score 5

[69/81] supported-cat-cow-stretch  (current: 4/5)
  prompt (1067 chars): An athletic young man with short dark hair, lean fit build, wearing a fitted light gray athletic t-shirt, dark navy comp...
  attempt 1: score=5/5
  INSTALLED score 5

[70/81] tandem-stance-balance  (current: 4/5)
  prompt (1009 chars): An athletic young man with short dark hair, lean fit build, wearing a fitted light gray athletic t-shirt, dark navy comp...
  attempt 1: score=5/5
  INSTALLED score 5

[71/81] thoracic-rotation-seated  (current: 4/5)
  prompt (1313 chars): An athletic young man with short dark hair, lean fit build, wearing a fitted light gray athletic t-shirt, dark navy comp...
  attempt 1: score=4/5
  kept current (4)

[72/81] thumb-abduction-band  (current: 4/5)
  prompt (1443 chars): An athletic young man with short dark hair, lean fit build, wearing a fitted light gray athletic t-shirt, dark navy comp...
  attempt 1: score=5/5
  INSTALLED score 5

[73/81] towel-curls  (current: 4/5)
  prompt (1080 chars): An athletic young man with short dark hair, lean fit build, wearing a fitted light gray athletic t-shirt, dark navy comp...
  attempt 1: score=4/5
  kept current (4)

[74/81] towel-scrunches  (current: 4/5)
  prompt (1236 chars): An athletic young man with short dark hair, lean fit build, wearing a fitted light gray athletic t-shirt, dark navy comp...
  attempt 1: score=5/5
  INSTALLED score 5

[75/81] wall-angel  (current: 4/5)
  prompt (1056 chars): An athletic young man with short dark hair, lean fit build, wearing a fitted light gray athletic t-shirt, dark navy comp...
  attempt 1: score=5/5
  INSTALLED score 5

[76/81] wall-sits  (current: 4/5)
  prompt (1148 chars): An athletic young man with short dark hair, lean fit build, wearing a fitted light gray athletic t-shirt, dark navy comp...
  attempt 1: score=5/5
  INSTALLED score 5

[77/81] weighted-step-ups  (current: 4/5)
  prompt (1025 chars): An athletic young man with short dark hair, lean fit build, wearing a fitted light gray athletic t-shirt, dark navy comp...
  attempt 1: score=5/5
  INSTALLED score 5

[78/81] wrist-circles  (current: 4/5)
  prompt (1414 chars): An athletic young man with short dark hair, lean fit build, wearing a fitted light gray athletic t-shirt, dark navy comp...
  attempt 1: score=5/5
  INSTALLED score 5

[79/81] wrist-extension-band  (current: 4/5)
  prompt (972 chars): An athletic young man with short dark hair, lean fit build, wearing a fitted light gray athletic t-shirt, dark navy comp...
  attempt 1: score=5/5
  INSTALLED score 5

[80/81] wrist-isometric-strengthening  (current: 4/5)
  prompt (1243 chars): An athletic young man with short dark hair, lean fit build, wearing a fitted light gray athletic t-shirt, dark navy comp...
  attempt 1: score=5/5
  INSTALLED score 5

[81/81] wrist-pronation-supination  (current: 4/5)
  prompt (1112 chars): An athletic young man with short dark hair, lean fit build, wearing a fitted light gray athletic t-shirt, dark navy comp...
  attempt 1: score=5/5
  INSTALLED score 5

========================================================================
AUTO-PROMPT REGEN SUMMARY
========================================================================
  Attempted: 81   Improved: 57   Unchanged: 24

Exercise                                      old  new       status
band-assisted-chest-opening                     4 ->   5     installed
banded-squats                                   4 ->   5     installed
banded-woodchop                                 4 ==   4          kept
calf-raises                                     4 ->   5     installed
cervical-retraction-resistance                  4 ==   4          kept
doorway-shoulder-stretch                        4 ->   5     installed
dumbbell-romanian-deadlift                      4 ->   5     installed
elbow-pendulum-swing                            4 ==   4          kept
figure-four-stretch-band                        4 ->   5     installed
gait-training-walking                           4 ->   5     installed
gentle-finger-stretching                        4 ==   4          kept
gentle-neck-stretches                           4 ->   5     installed
grip-strengthening-soft-object                  4 ->   5     installed
hamstring-stretching                            4 ->   5     installed
heel-toe-raises                                 4 ->   5     installed
hip-abduction                                   4 ==   4          kept
hip-abduction-band                              4 ->   5     installed
hip-hinge                                       4 ->   5     installed
lumbar-rotation-stretch                         4 ==   4          kept
marble-pickup                                   4 ->   5     installed
marching-in-place                               4 ->   5     installed
median-nerve-gliding                            4 ->   5     installed
neck-flexor-release                             4 ->   5     installed
open-book-stretch                               4 ==   4          kept
pronation-supination-band                       4 ->   5     installed
pronation-supination-strengthening              4 ==   4          kept
prone-shoulder-external-rotation                4 ->   5     installed
prone-shoulder-flexion                          4 ->   5     installed
prone-t-y-i-holds                               4 ==   4          kept
prone-thoracic-extension                        4 ==   4          kept
quadruped-hip-circles-band                      4 ->   5     installed
quadruped-pelvic-tilts                          4 ==   4          kept
quadruped-rocking                               4 ->   5     installed
resistance-band-hip-abduction                   4 ->   5     installed
resistance-band-plantarflexion                  4 ->   5     installed
resistance-band-pull-apart                      4 ==   4          kept
reverse-wrist-curl-dumbbell                     4 ->   5     installed
scapular-retraction-squeeze                     4 ->   5     installed
sciatic-nerve-glide                             4 ->   5     installed
seated-ankle-plantarflexion-band                4 ==   4          kept
seated-ankle-pumps                              4 ->   5     installed
seated-gastrocnemius-stretch                    4 ==   4          kept
seated-marching                                 4 ->   5     installed
seated-shoulder-press                           4 ->   5     installed
seated-toe-taps                                 4 ==   4          kept
shoulder-flexion                                4 ->   5     installed
side-lying-clamshell-band                       4 ->   5     installed
side-lying-hip-abduction                        4 ==   4          kept
single-leg-balance-with-hip-activation          4 ->   5     installed
sit-to-stand                                    4 ->   5     installed
standing-adductor-stretch-against-wall          4 ->   5     installed
standing-ankle-eversion-with-band               4 ->   5     installed
standing-chest-fly-with-band                    4 ==   4          kept
standing-heel-raises                            4 ->   5     installed
standing-hip-abductions                         4 ==   4          kept
standing-hip-adduction-dumbbell                 4 ->   5     installed
standing-quad-sets                              4 ==   4          kept
standing-quad-sets-against-wall                 4 ==   4          kept
standing-rotation-band                          4 ->   5     installed
standing-single-leg-balance-with-hip-stability    4 ->   5     installed
step-up-dumbbell                                4 ==   4          kept
supine-ankle-dorsiflexion-band                  4 ->   5     installed
supine-dumbbell-chest-press                     4 ->   5     installed
supine-elbow-extension-dumbbell                 4 ->   5     installed
supine-hip-rotation-band                        4 ->   5     installed
supine-piriformis-stretch                       4 ==   4          kept
supine-shoulder-rotation                        4 ->   5     installed
supine-spinal-twist-stretch                     4 ->   5     installed
supported-cat-cow-stretch                       4 ->   5     installed
tandem-stance-balance                           4 ->   5     installed
thoracic-rotation-seated                        4 ==   4          kept
thumb-abduction-band                            4 ->   5     installed
towel-curls                                     4 ==   4          kept
towel-scrunches                                 4 ->   5     installed
wall-angel                                      4 ->   5     installed
wall-sits                                       4 ->   5     installed
weighted-step-ups                               4 ->   5     installed
wrist-circles                                   4 ->   5     installed
wrist-extension-band                            4 ->   5     installed
wrist-isometric-strengthening                   4 ->   5     installed
wrist-pronation-supination                      4 ->   5     installed
